---
source: crates/sui/tests/ptb_files_tests.rs
expression: "results.join(\"\\n\")"
---
 === ERRORS AFTER PARSING INPUT COMMANDS === 
  × Error when processing PTB
   ╭─[2:15]
 1 │ --gas-budget 1000
 2 │ --publish too many args 
   ·               ──┬─
   ·                 ╰── Unexpected identifier 'many'
   ╰────
  help: Expected to find a command here

