---
source: crates/sui/tests/ptb_files_tests.rs
expression: "results.join(\"\\n\")"
---
 === ERRORS AFTER PARSING INPUT COMMANDS === 
  × Error when processing PTB
   ╭─[2:1]
 1 │ --transfer-objects @0x1
 2 │ --transfer-objects @0x1 [@0x1, @0x2] @0x2
   · ─────────┬────────
   ·          ╰── Expected '[' but found command '--transfer-objects'
 3 │ --split-coins gas [1,2,3]
   ╰────

  × Error when processing PTB
   ╭─[2:38]
 1 │ --transfer-objects @0x1
 2 │ --transfer-objects @0x1 [@0x1, @0x2] @0x2
   ·                                      ┬
   ·                                      ╰── Unexpected '@'
 3 │ --split-coins gas [1,2,3]
   ╰────
  help: Expected to find a command here

  × Error when processing PTB
   ╭─[5:25]
 4 │ --assign s
 5 │ --transfer-objects @0x1 s
   ·                         ┬
   ·                         ╰── Expected '[' but found identifier 's'
 6 │ --gas-budget 100 
   ╰────

