---
source: crates/sui/tests/ptb_files_tests.rs
expression: "results.join(\"\\n\")"
---
 === ERRORS AFTER PARSING INPUT COMMANDS === 
  × Error when processing PTB
   ╭────
 1 │ --gas-budget @0x1 
   ·              ──┬─
   ·                ╰── Expected a u64 value
   ╰────

  × Error when processing PTB
   ╭────
 1 │ --gas-budget @0x1 
   ·                  ▲
   ·                  ╰── Gas budget not set.
   ╰────
  help: Use --gas-budget <u64> to set a gas budget

