---
source: crates/sui/tests/ptb_files_tests.rs
expression: "results.join(\"\\n\")"
---
 === PREVIEW === 
╭─────────────────────────────────────────────────────────────────────────────────────────────────────────╮
│ PTB Preview                                                                                             │
├───────────────┬─────────────────────────────────────────────────────────────────────────────────────────┤
│ command       │ values                                                                                  │
├───────────────┼─────────────────────────────────────────────────────────────────────────────────────────┤
│ assign        │ x vector[1u64, 2u64, 3u64, 4u64]                                                        │
│ assign        │ x vector[1u64, 2u64, 3u64, 4u64]                                                        │
│ assign        │ x vector["1", "2,       3", "", "4                        "]                            │
│ assign        │ x vector["1", "2,       3", "", "4                       \n            "]               │
│ make-move-vec │ <u16> [1u64, 2u64, 3u64, 4u64]                                                          │
│ make-move-vec │ <sui::string::String> [1u64, 2u64, 3u64, 4u64]                                          │
│ make-move-vec │ <sui::string::String> ["1", "2,       3", "", "4                        "]              │
│ make-move-vec │ <sui::string::String> ["1", "2,       3", "", "4                       \n            "] │
├───────────────┼─────────────────────────────────────────────────────────────────────────────────────────┤
│ gas-budget    │ 100                                                                                     │
╰───────────────┴─────────────────────────────────────────────────────────────────────────────────────────╯
 === BUILT PTB === 
Input 0: Pure([1, 0, 0, 0, 0, 0, 0, 0])
Input 1: Pure([2, 0, 0, 0, 0, 0, 0, 0])
Input 2: Pure([3, 0, 0, 0, 0, 0, 0, 0])
Input 3: Pure([4, 0, 0, 0, 0, 0, 0, 0])
Input 4: Pure([1, 49])
Input 5: Pure([10, 50, 44, 32, 32, 32, 32, 32, 32, 32, 51])
Input 6: Pure([0])
Input 7: Pure([25, 52, 32, 32, 32, 32, 32, 32, 32, 32, 32, 32, 32, 32, 32, 32, 32, 32, 32, 32, 32, 32, 32, 32, 32, 32])
Input 8: Pure([37, 52, 32, 32, 32, 32, 32, 32, 32, 32, 32, 32, 32, 32, 32, 32, 32, 32, 32, 32, 32, 32, 32, 32, 32, 10, 32, 32, 32, 32, 32, 32, 32, 32, 32, 32, 32, 32])
Command 0: MakeMoveVec(Someu16,[Input(0),Input(1),Input(2),Input(3)])
Command 1: MakeMoveVec(Some0x2::string::String,[Input(0),Input(1),Input(2),Input(3)])
Command 2: MakeMoveVec(Some0x2::string::String,[Input(4),Input(5),Input(6),Input(7)])
Command 3: MakeMoveVec(Some0x2::string::String,[Input(4),Input(5),Input(6),Input(8)])
