---
source: crates/sui/src/client_ptb/parser.rs
expression: result.unwrap_err()
---
[
    PTBError {
        message: "Unexpected input \"0x\"",
        span: Span {
            start: 0,
            end: 2,
        },
        help: Some(
            "Expected to find a command here",
        ),
        severity: Error,
    },
    PTBError {
        message: "Gas budget not set.",
        span: Span {
            start: 0,
            end: 2,
        },
        help: Some(
            "Use --gas-budget <u64> to set a gas budget",
        ),
        severity: Error,
    },
]
