---
source: consensus/config/tests/parameters_test.rs
expression: parameters
---
leader_timeout:
  secs: 0
  nanos: 250000000
max_forward_time_drift:
  secs: 0
  nanos: 500000000
db_path: ~

